
> frontend@0.0.0 build
> vite build

[36mvite v8.0.3 [32mbuilding client environment for production...[36m[39m
[2K
transforming...Ô£ô 95 modules transformed.
node.exe : [31mÔ£ù[39m Build failed in 151ms
No linha:1 caractere:1
+ & "C:\Program Files\nodejs/node.exe" "C:\Program 
Files\nodejs/node_mo ...
+ ~~~~~~~~~~~~~~~~~~~~~~~~~~~~~~~~~~~~~~~~~~~~~~~~~
~~~~~~~~~~~~~~~~~~~~
    + CategoryInfo          : NotSpecified: ([31m 
   Ô£ù[39m Build failed in 151ms:String) [], Rem  
  oteException
    + FullyQualifiedErrorId : NativeCommandError
 
[31merror during build:
[31mBuild failed with 1 error:

[31m[UNRESOLVED_IMPORT] Error:[0m Could not 
resolve '../lib/utils' in 
src/components/ui/button.jsx
   [38;5;246mÔò¡[0m[38;5;246mÔöÇ[0m[38;5;246m[
[0m src/components/ui/button.jsx:4:20 
[38;5;246m][0m
   [38;5;246mÔöé[0m
 [38;5;246m4 Ôöé[0m [38;5;249mi[0m[38;5;249mm
[0m[38;5;249mp[0m[38;5;249mo[0m[38;5;249mr[0m
[38;5;249mt[0m[38;5;249m 
[0m[38;5;249m{[0m[38;5;249m 
[0m[38;5;249mc[0m[38;5;249mn[0m[38;5;249m 
[0m[38;5;249m}[0m[38;5;249m [0m[38;5;249mf[0
m[38;5;249mr[0m[38;5;249mo[0m[38;5;249mm[0m[
38;5;249m [0m"../lib/utils"[38;5;249m;[0m
 [38;5;240m  Ôöé[0m                    
ÔöÇÔöÇÔöÇÔöÇÔöÇÔöÇÔöÇÔö¼ÔöÇÔöÇÔöÇÔöÇÔöÇÔöÇ  
 [38;5;240m  Ôöé[0m                           
Ôò░ÔöÇÔöÇÔöÇÔöÇÔöÇÔöÇÔöÇÔöÇ Module not found.
 [38;5;240m  Ôöé[0m 
 [38;5;240m  Ôöé[0m [38;5;115mHelp[0m: 
'src/components/ui/button.jsx' is imported by the 
following path:
 [38;5;240m  Ôöé[0m         - 
src/components/ui/button.jsx
 [38;5;240m  Ôöé[0m         - 
src/pages/DashboardUnidades.jsx
 [38;5;240m  Ôöé[0m         - src/App.jsx
 [38;5;240m  Ôöé[0m         - src/main.jsx
 [38;5;240m  Ôöé[0m         - index.html
[38;5;246mÔöÇÔöÇÔöÇÔò»[0m
[31m
    at aggregateBindingErrorsIntoJsError (file:///C
:/Users/msvro/Desktop/radiobellas/frontend/node_mod
ules/rolldown/dist/shared/error-BLhcSyeg.mjs:48:18)
    at unwrapBindingResult (file:///C:/Users/msvro/
Desktop/radiobellas/frontend/node_modules/rolldown/
dist/shared/error-BLhcSyeg.mjs:18:128)
    at #build (file:///C:/Users/msvro/Desktop/radio
bellas/frontend/node_modules/rolldown/dist/shared/r
olldown-build-CPrIX9V6.mjs:3313:34)
    at async buildEnvironment (file:///C:/Users/msv
ro/Desktop/radiobellas/frontend/node_modules/vite/d
ist/node/chunks/node.js:32849:64)
    at async Object.build (file:///C:/Users/msvro/D
esktop/radiobellas/frontend/node_modules/vite/dist/
node/chunks/node.js:33271:19)
    at async Object.buildApp (file:///C:/Users/msvr
o/Desktop/radiobellas/frontend/node_modules/vite/di
st/node/chunks/node.js:33268:153)
    at async CAC.<anonymous> (file:///C:/Users/msvr
o/Desktop/radiobellas/frontend/node_modules/vite/di
st/node/cli.js:778:3) {
  errors: [Getter/Setter]
}[39m
